// Jest Snapshot v1, https://goo.gl/fbAQLP

exports[`AppComponent should match snapshot 1`] = `
AppComponent {
  "__ngContext__": 3,
  "navigationItems": [
    {
      "id": "home",
      "name": "Home",
    },
    {
      "id": "about",
      "name": "About",
    },
    {
      "id": "projects",
      "name": "Projects",
    },
    {
      "id": "contact",
      "name": "Contact",
    },
  ],
}
`;
